
> attendance-system@1.0.0 build
> react-scripts build

Creating an optimized production build...
Compiled with warnings.

[eslint] 
src\App.js
  Line 59:10:    'editingTask' is assigned a value but never used                                                                                                                                                                                                                     no-unused-vars
  Line 59:23:    'setEditingTask' is assigned a value but never used                                                                                                                                                                                                                  no-unused-vars
  Line 142:30:   'setShowCompletedTasks' is assigned a value but never used                                                                                                                                                                                                           no-unused-vars
  Line 175:10:   'currentTime' is assigned a value but never used                                                                                                                                                                                                                     no-unused-vars
  Line 280:11:   'currentYearValue' is assigned a value but never used                                                                                                                                                                                                                no-unused-vars
  Line 286:15:   'alreadyInShift' is assigned a value but never used                                                                                                                                                                                                                  no-unused-vars
  Line 304:19:   'firstShiftToday' is assigned a value but never used                                                                                                                                                                                                                 no-unused-vars
  Line 1048:9:   'playNotificationSound' is assigned a value but never used                                                                                                                                                                                                           no-unused-vars
  Line 1403:6:   React Hook useEffect has a missing dependency: 'migrateCompletedTasksToHistory'. Either include it or remove the dependency array                                                                                                                                    react-hooks/exhaustive-deps
  Line 1770:13:  'unsubscribeShiftTasks' is assigned a value but never used                                                                                                                                                                                                           no-unused-vars
  Line 1909:6:   React Hook useEffect has missing dependencies: 'employees' and 'ordersHook?.orders'. Either include them or remove the dependency array. You can also replace multiple useState variables with useReducer if 'setAttentions' needs the current value of 'employees'  react-hooks/exhaustive-deps
  Line 1912:9:   'saveImmediately' is assigned a value but never used                                                                                                                                                                                                                 no-unused-vars
  Line 2060:6:   React Hook useEffect has a missing dependency: 'startSaveOperation'. Either include it or remove the dependency array                                                                                                                                                react-hooks/exhaustive-deps
  Line 2097:6:   React Hook useEffect has a missing dependency: 'startSaveOperation'. Either include it or remove the dependency array                                                                                                                                                react-hooks/exhaustive-deps
  Line 2154:6:   React Hook useEffect has a missing dependency: 'startSaveOperation'. Either include it or remove the dependency array                                                                                                                                                react-hooks/exhaustive-deps
  Line 2290:6:   React Hook useEffect has a missing dependency: 'ordersHook'. Either include it or remove the dependency array                                                                                                                                                        react-hooks/exhaustive-deps
  Line 2332:9:   'updateStatus' is assigned a value but never used                                                                                                                                                                                                                    no-unused-vars
  Line 2370:9:   'toggleTask' is assigned a value but never used                                                                                                                                                                                                                      no-unused-vars
  Line 3156:9:   'clearAllData' is assigned a value but never used                                                                                                                                                                                                                    no-unused-vars
  Line 3742:9:   'updateCalendarDay' is assigned a value but never used                                                                                                                                                                                                               no-unused-vars
  Line 4016:6:   React Hook useMemo has missing dependencies: 'addAttention' and 'toggleAttentionRead'. Either include them or remove the dependency array                                                                                                                            react-hooks/exhaustive-deps

src\components\Dashboard\DashboardPage.jsx
  Line 90:11:  'shiftPagi' is assigned a value but never used                                                                                                                                                                                                                   no-unused-vars
  Line 91:11:  'shiftMalam' is assigned a value but never used                                                                                                                                                                                                                  no-unused-vars
  Line 96:11:  'isDestaView' is assigned a value but never used                                                                                                                                                                                                                 no-unused-vars
  Line 516:6:  React Hook useMemo has missing dependencies: 'pauseAllTasks' and 'resumeAllTasks'. Either include them or remove the dependency array. If 'resumeAllTasks' changes too often, find the parent component that defines it and wrap that definition in useCallback  react-hooks/exhaustive-deps

src\components\Leaderboard\LeaderboardPage.jsx
  Line 2:24:  'TrendingUp' is defined but never used          no-unused-vars
  Line 15:9:  'today' is assigned a value but never used      no-unused-vars
  Line 16:9:  'todayDate' is assigned a value but never used  no-unused-vars

src\components\Orderan\OrderanPage.jsx
  Line 1:27:  'useMemo' is defined but never used  no-unused-vars

src\components\ShiftSchedule\ShiftSchedulePage.jsx
  Line 383:6:  React Hook React.useCallback has an unnecessary dependency: 'shiftScheduleYear'. Either exclude it or remove the dependency array  react-hooks/exhaustive-deps

src\config\index.js
  Line 577:1:  Assign object to a variable before exporting as module default  import/no-anonymous-default-export

src\hooks\useOrders.js
  Line 107:6:  React Hook useCallback has missing dependencies: 'endSaveOperation' and 'startSaveOperation'. Either include them or remove the dependency array  react-hooks/exhaustive-deps
  Line 142:6:  React Hook useCallback has missing dependencies: 'endSaveOperation' and 'startSaveOperation'. Either include them or remove the dependency array  react-hooks/exhaustive-deps
  Line 264:6:  React Hook useCallback has missing dependencies: 'endSaveOperation' and 'startSaveOperation'. Either include them or remove the dependency array  react-hooks/exhaustive-deps
  Line 297:6:  React Hook useCallback has missing dependencies: 'endSaveOperation' and 'startSaveOperation'. Either include them or remove the dependency array  react-hooks/exhaustive-deps
  Line 340:6:  React Hook useCallback has missing dependencies: 'endSaveOperation' and 'startSaveOperation'. Either include them or remove the dependency array  react-hooks/exhaustive-deps

Search for the keywords to learn more about each warning.
To ignore, add // eslint-disable-next-line to the line before.

File sizes after gzip:

  195.87 kB (-7 B)  build\static\js\main.f25fd0dc.js
  718 B             build\static\css\main.806f4268.css

The project was built assuming it is hosted at /.
You can control this with the homepage field in your package.json.

The build folder is ready to be deployed.
You may serve it with a static server:

  npm install -g serve
  serve -s build

Find out more about deployment here:

  https://cra.link/deployment

